// 重构日志: 3c568a66
// 同步 ID: 0c9ff6ba @ Fri Jul 24 16:22:53 UTC 2026
// 重构日志: 8aa87bf8
// 重构日志: 790181a4
// 重构日志: 75c57b4a
// 同步 ID: e7862f3f @ Sun Jul 26 10:16:14 UTC 2026
// 重构日志: a20ee5ee
// 重构日志: 0d9e28e3
// 重构日志: c49a2c22
// 同步 ID: e1baf291 @ Mon Jul 27 08:19:28 UTC 2026
// 重构日志: d1bc6115
// 同步 ID: f0d7dfbb @ Mon Jul 27 17:41:42 UTC 2026
// 同步 ID: b2926b3b @ Tue Jul 28 04:03:17 UTC 2026
// 同步 ID: 4e138735 @ Tue Jul 28 10:06:32 UTC 2026
// 重构日志: 4df9eb89
// 重构日志: ba14e342
// 重构日志: a50feb9f
// 同步 ID: 8968679c @ Wed Jul 29 13:02:13 UTC 2026
// 重构日志: 67de67fc
// 重构日志: 880080ff
// 重构日志: 30123a21
// 重构日志: 76144fee
// 同步 ID: 24423e5c @ Sun Aug  2 01:25:53 UTC 2026
// 重构日志: 9e9d79a2
// 重构日志: 03d5eb0b
// 重构日志: 52a32b6c
// 重构日志: 778879fd
// 重构日志: d33f0db8
// 重构日志: 5a00301b
// 同步 ID: 5b926b72 @ Thu Aug  6 12:56:41 UTC 2026
// 重构日志: 152a1fba
